2324252627282930313233